---
source: compiler/e2e/test/snapshot/mod.rs
expression: clean_run
---
stderr:
  [error]: mutable access is done while it is borrowed
    ╭─[compiler/e2e/test/snapshot/borrow_checker/struct_inference_error/main.pnx:17:20]
 16 │         let pair = MyPair {
 17 │             first: &outer,
    ·                    ───┬──
    ·                       ╰── the borrow starts here
 18 │             second: &inner,
 19 │         }
 20 │ 
 21 │         outer = 32
    ·         ─────┬────
    ·              ╰── mutable access occurs here
 22 │ 
 23 │         print(*pair.first)
    ·               ─────┬─────
    ·                    ╰── the borrow is used here
    ╰────

  [error]: Compilation aborted due to 1 error(s)



stdout:
