---
source: compiler/e2e/test/snapshot/mod.rs
expression: clean_run
---
stderr:
  [error]: cannot `delete` an `implements` on `struct` or `enum`
    ╭─[compiler/e2e/test/snapshot/semantic_element/implements_qualified_identifier/adt_implementation_validation/main.pnx:9:18]
  8 │ 
  9 │ final implements MyStruct delete
    ·                  ────┬───
    ·                      ╰── `implements` must have a body
 10 │ 
    ╰────
  help: remove the `delete` keyword from the implementation, negative `implements` is only allowed on `trait` or `marker`

  [error]: `implements` on `struct` or `enum` cannot be final
    ╭─[compiler/e2e/test/snapshot/semantic_element/implements_qualified_identifier/adt_implementation_validation/main.pnx:9:18]
  8 │ 
  9 │ final implements MyStruct delete
    ·                  ────┬───
    ·                      ╰── `implements` on `struct` or `enum` cannot be final
 10 │ 
    ╰────
  help: remove the `final` keyword from the `implements`, `final implements` is only allowed on `trait` or `marker`

  [error]: cannot `delete` an `implements` on `struct` or `enum`
    ╭─[compiler/e2e/test/snapshot/semantic_element/implements_qualified_identifier/adt_implementation_validation/main.pnx:17:18]
 16 │ 
 17 │ final implements MyEnum delete
    ·                  ───┬──
    ·                     ╰── `implements` must have a body
 18 │ 
    ╰────
  help: remove the `delete` keyword from the implementation, negative `implements` is only allowed on `trait` or `marker`

  [error]: `implements` on `struct` or `enum` cannot be final
    ╭─[compiler/e2e/test/snapshot/semantic_element/implements_qualified_identifier/adt_implementation_validation/main.pnx:17:18]
 16 │ 
 17 │ final implements MyEnum delete
    ·                  ───┬──
    ·                     ╰── `implements` on `struct` or `enum` cannot be final
 18 │ 
    ╰────
  help: remove the `final` keyword from the `implements`, `final implements` is only allowed on `trait` or `marker`

  [error]: `implements` on `struct` or `enum` cannot be final
    ╭─[compiler/e2e/test/snapshot/semantic_element/implements_qualified_identifier/adt_implementation_validation/main.pnx:11:18]
 10 │ 
 11 │ final implements MyStruct:
    ·                  ────┬───
    ·                      ╰── `implements` on `struct` or `enum` cannot be final
 12 │     public function test():
    ╰────
  help: remove the `final` keyword from the `implements`, `final implements` is only allowed on `trait` or `marker`

  [error]: cannot `delete` an `implements` on `struct` or `enum`
    ╭─[compiler/e2e/test/snapshot/semantic_element/implements_qualified_identifier/adt_implementation_validation/main.pnx:15:12]
 14 │ 
 15 │ implements MyEnum delete
    ·            ───┬──
    ·               ╰── `implements` must have a body
 16 │ 
    ╰────
  help: remove the `delete` keyword from the implementation, negative `implements` is only allowed on `trait` or `marker`

  [error]: cannot `delete` an `implements` on `struct` or `enum`
   ╭─[compiler/e2e/test/snapshot/semantic_element/implements_qualified_identifier/adt_implementation_validation/main.pnx:7:12]
 6 │ 
 7 │ implements MyStruct delete
   ·            ────┬───
   ·                ╰── `implements` must have a body
 8 │ 
   ╰────
  help: remove the `delete` keyword from the implementation, negative `implements` is only allowed on `trait` or `marker`

  [error]: `implements` on `struct` or `enum` cannot be final
    ╭─[compiler/e2e/test/snapshot/semantic_element/implements_qualified_identifier/adt_implementation_validation/main.pnx:19:18]
 18 │ 
 19 │ final implements MyEnum:
    ·                  ───┬──
    ·                     ╰── `implements` on `struct` or `enum` cannot be final
 20 │     public function test():
    ╰────
  help: remove the `final` keyword from the `implements`, `final implements` is only allowed on `trait` or `marker`

  [error]: Compilation aborted due to 8 error(s)



stdout:
