---
source: compiler/e2e/test/snapshot/mod.rs
expression: run
---
stderr:
[error]: mismatched types: expected `bool`, found `int32`
   ╭▸ compiler/e2e/test/snapshot/ir/expression/do/closure_parameters_monomorphization/main.pnx:19:23
   │
19 │             takesBool(a)
   │                       ━ expected `bool`, found `int32`
   │
   ╰ help: ensure the expression type matches the expected type

[error]: Compilation aborted due to 1 error(s)



stdout:
