---
source: compiler/e2e/test/snapshot/mod.rs
expression: run
---
stderr:
[error]: `struct main.MyStruct` cannot be called
   ╭▸ compiler/e2e/test/snapshot/ir/expression/function_call/symbol_is_not_callable/main.pnx:18:5
   │
18 │     MyStruct()
   │     ━━━━━━━━━━ not callable
   │
   ╰ help: only functions, effect operation or enum with associated value can be called

[error]: `enum main.MyEnum` cannot be called
   ╭▸ compiler/e2e/test/snapshot/ir/expression/function_call/symbol_is_not_callable/main.pnx:19:5
   │
19 │     MyEnum()
   │     ━━━━━━━━ not callable
   │
   ╰ help: only functions, effect operation or enum with associated value can be called

[error]: `module main.myModule` cannot be called
   ╭▸ compiler/e2e/test/snapshot/ir/expression/function_call/symbol_is_not_callable/main.pnx:20:5
   │
20 │     myModule()
   │     ━━━━━━━━━━ not callable
   │
   ╰ help: only functions, effect operation or enum with associated value can be called

[error]: `trait main.MyTrait` cannot be called
   ╭▸ compiler/e2e/test/snapshot/ir/expression/function_call/symbol_is_not_callable/main.pnx:21:5
   │
21 │     MyTrait[int32]()
   │     ━━━━━━━━━━━━━━━━ not callable
   │
   ╰ help: only functions, effect operation or enum with associated value can be called

[error]: `instance I` cannot be called
   ╭▸ compiler/e2e/test/snapshot/ir/expression/function_call/symbol_is_not_callable/main.pnx:22:5
   │
22 │     I()
   │     ━━━ not callable
   │
   ╰ help: only functions, effect operation or enum with associated value can be called

[error]: Compilation aborted due to 5 error(s)



stdout:
