---
source: compiler/e2e/test/snapshot/mod.rs
expression: run
---
stderr:
[error]: found errors related to forall lifetimes
   ╭▸ compiler/e2e/test/snapshot/borrow_checker/implementation_is_not_general_enough/main.pnx:63:2
   │
63 │     use(&mut vector)
   │     ━━━━━━━━━━━━━━━━
   │
   ╰ help: we're very sorry, but the error message related to forall lifetimes is not very user-friendly yet. Please check the diagnostics for the type system for more details on the error.

[error]: Compilation aborted due to 1 error(s)



stdout:
