---
source: compiler/e2e/test/snapshot/mod.rs
expression: run
---
stderr:
[error]: the predicate `I: 'static` is not satisfied
  ╭▸ compiler/e2e/test/snapshot/semantic_element/trait_ref/with_lifetime_bound/main.pnx:5:30
  │
5 │ private instance MyTestI[I]: Test[I]:
  ╰╴                             ━━━━━━━
[note]: the required predicate is declared here
  ╭▸ compiler/e2e/test/snapshot/semantic_element/trait_ref/with_lifetime_bound/main.pnx:1:22
  │
1 │ public trait Test[I: 'static]:
  ╰╴                     ━━━━━━━

[error]: Compilation aborted due to 1 error(s)



stdout:
