---
source: lsp/integration_test/snapshot/mod.rs
expression: string
---
{
  "uri": "file:///project/lsp/integration_test/snapshot/goto_definition/to_external_module/externalModule.pnx",
  "range": {
    "start": {
      "line": 0,
      "character": 0
    },
    "end": {
      "line": 0,
      "character": 0
    }
  }
}
