---
source: compiler/e2e/test/snapshot/mod.rs
expression: run
---
stderr:
[error]: unexpected `[ ... ]` block, expected `( ... )` block
  ╭▸ compiler/e2e/test/snapshot/semantic_element/generic_parameters/do_operation/main.pnx:2:12
  │
2 │     doInner['b](value: &'a int32)
  ╰╴           ━━━━

[error]: Compilation aborted due to 1 error(s)



stdout:
