---
source: compiler/e2e/test/snapshot/mod.rs
expression: clean_run
---
stderr:
  [error]: the following effects are not handled by the caller: main::Unhandled
    ╭─[compiler/e2e/test/snapshot/ir/expression/function_call/operation_call/main.pnx:14:5]
 13 │ public function doUnhandled():
 14 │     Unhandled::unhandledOperation()
    ·     ───────────────┬───────────────
    ·                    ╰── call to the `effect operation main::Unhandled::unhandledOperation`
    ╰────
  help: consider adding a `do` effect annotation to the current function to handle these effects

  [error]: Compilation aborted due to 1 error(s)



stdout:
