---
source: compiler/e2e/test/snapshot/mod.rs
expression: run
---
stderr:
[error]: lifetime inference is not allowed here
  ╭▸ compiler/e2e/test/snapshot/semantic_element/function_signature/elided_lifetime/main.pnx:5:50
  │
5 │ public function max(lhs: &int32, rhs: &int32) -> &int32:
  ╰╴                                                 ━ expected an explicit lifetime to be inserted here

[error]: Compilation aborted due to 1 error(s)



stdout:
