---
source: compiler/e2e/test/snapshot/mod.rs
expression: run
---
stderr:
[error]: mutable access is done while it is borrowed
   ╭▸ compiler/e2e/test/snapshot/borrow_checker/invalidated_immutable_reference_used_in_loop/main.pnx:19:9
   │
11 │     let r = &test
   │             ───── the borrow starts here
   ‡
16 │         consume(*r)
   │                 ── the borrow is used here
   ‡
19 │         test = 64
   ╰╴        ━━━━━━━━━ mutable access occurs here

[error]: Compilation aborted due to 1 error(s)



stdout:
