---
source: compiler/e2e/test/snapshot/mod.rs
expression: run
---
stderr:
[error]: unsatisfied predicate
   ╭▸ compiler/e2e/test/snapshot/semantic_element/wf_check/trait_implements/main.pnx:15:26
   │
 7 │         T: 'static
   │            ─────── the required predicate was declared here
   ‡
15 │ public type UseFizz[T] = RequiresFizz[T]
   ╰╴                         ━━━━━━━━━━━━━━━ the predicate `T: 'static` is not satisfied

[error]: Compilation aborted due to 1 error(s)



stdout:
