---
source: compiler/e2e/test/snapshot/mod.rs
expression: run
---
stderr:
[error]: the predicate `marker main.ImpossibleMarker[int32]` is not satisfied
   ╭▸ compiler/e2e/test/snapshot/ir/wf_check/general/main.pnx:13:13
   │
13 │     let x = MyStruct { field: 5 }
   ╰╴            ━━━━━━━━━━━━━━━━━━━━━
[note]: the required predicate is declared here
  ╭▸ compiler/e2e/test/snapshot/ir/wf_check/general/main.pnx:4:24
  │
4 │ pub struct MyStruct[T: ImpossibleMarker]:
  ╰╴                       ━━━━━━━━━━━━━━━━

[error]: the predicate `marker main.ImpossibleMarker[int32]` is not satisfied
   ╭▸ compiler/e2e/test/snapshot/ir/wf_check/general/main.pnx:14:13
   │
14 │     let y = MyEnum.Variant(10)
   ╰╴            ━━━━━━━━━━━━━━━━━━
[note]: the required predicate is declared here
  ╭▸ compiler/e2e/test/snapshot/ir/wf_check/general/main.pnx:8:20
  │
8 │ pub enum MyEnum[T: ImpossibleMarker]:
  ╰╴                   ━━━━━━━━━━━━━━━━

[error]: the predicate `T: tuple` is not satisfied
   ╭▸ compiler/e2e/test/snapshot/ir/wf_check/general/main.pnx:15:23
   │
15 │     let b = (true, ...a, false)
   ╰╴                      ━

[error]: found negative implementation
   ╭▸ compiler/e2e/test/snapshot/ir/wf_check/general/main.pnx:31:13
   │
31 │     let b = *y # not fine, mutable ref cannot be copied
   ╰╴            ━━ the predicate `marker core.Copy[&mut int32]` is explicitly marked as unsatisfiable by a negative implementation

[error]: Compilation aborted due to 4 error(s)



stdout:
