---
source: compiler/e2e/test/snapshot/mod.rs
expression: run
---
stderr:
[error]: the predicate `T: 'a` is not satisfied
  ╭▸ compiler/e2e/test/snapshot/semantic_element/wf_check/type_occurrences/main.pnx:2:20
  │
2 │     pub reference: &'a T
  ╰╴                   ━━━━━

[error]: the predicate `U: 'a` is not satisfied
  ╭▸ compiler/e2e/test/snapshot/semantic_element/wf_check/type_occurrences/main.pnx:3:27
  │
3 │     pub mutableReference: &'a mut U
  ╰╴                          ━━━━━━━━━

[error]: the predicate `W: tuple` is not satisfied
  ╭▸ compiler/e2e/test/snapshot/semantic_element/wf_check/type_occurrences/main.pnx:5:33
  │
5 │     pub tupleWithUnpacking: (V, ...W, X)
  ╰╴                                ━━━━

[error]: the tuple type cannot contain more than one unpacked type
  ╭▸ compiler/e2e/test/snapshot/semantic_element/wf_check/type_occurrences/main.pnx:6:27
  │
6 │     pub multipleUnpacking: (...V, ...W, ...X)
  ╰╴                          ━━━━━━━━━━━━━━━━━━━

[error]: the predicate `V: tuple` is not satisfied
  ╭▸ compiler/e2e/test/snapshot/semantic_element/wf_check/type_occurrences/main.pnx:6:29
  │
6 │     pub multipleUnpacking: (...V, ...W, ...X)
  ╰╴                            ━━━━

[error]: the predicate `W: tuple` is not satisfied
  ╭▸ compiler/e2e/test/snapshot/semantic_element/wf_check/type_occurrences/main.pnx:6:35
  │
6 │     pub multipleUnpacking: (...V, ...W, ...X)
  ╰╴                                  ━━━━

[error]: the predicate `X: tuple` is not satisfied
  ╭▸ compiler/e2e/test/snapshot/semantic_element/wf_check/type_occurrences/main.pnx:6:41
  │
6 │     pub multipleUnpacking: (...V, ...W, ...X)
  ╰╴                                        ━━━━

[error]: Compilation aborted due to 7 error(s)



stdout:
