---
source: compiler/e2e/test/snapshot/mod.rs
expression: run
---
stderr:
[error]: the predicate `T: 'a` is not satisfied
  ╭▸ compiler/e2e/test/snapshot/semantic_element/wf_check/type_occurrences/main.pnx:2:23
  │
2 │     public reference: &'a T
  ╰╴                      ━━━━━

[error]: the predicate `U: 'a` is not satisfied
  ╭▸ compiler/e2e/test/snapshot/semantic_element/wf_check/type_occurrences/main.pnx:3:30
  │
3 │     public mutableReference: &'a mut U
  ╰╴                             ━━━━━━━━━

[error]: the predicate `W: tuple` is not satisfied
  ╭▸ compiler/e2e/test/snapshot/semantic_element/wf_check/type_occurrences/main.pnx:5:36
  │
5 │     public tupleWithUnpacking: (V, ...W, X)
  ╰╴                                   ━━━━

[error]: the tuple type cannot contain more than one unpacked type
  ╭▸ compiler/e2e/test/snapshot/semantic_element/wf_check/type_occurrences/main.pnx:6:30
  │
6 │     public multipleUnpacking: (...V, ...W, ...X)
  ╰╴                             ━━━━━━━━━━━━━━━━━━━

[error]: the predicate `V: tuple` is not satisfied
  ╭▸ compiler/e2e/test/snapshot/semantic_element/wf_check/type_occurrences/main.pnx:6:32
  │
6 │     public multipleUnpacking: (...V, ...W, ...X)
  ╰╴                               ━━━━

[error]: the predicate `W: tuple` is not satisfied
  ╭▸ compiler/e2e/test/snapshot/semantic_element/wf_check/type_occurrences/main.pnx:6:38
  │
6 │     public multipleUnpacking: (...V, ...W, ...X)
  ╰╴                                     ━━━━

[error]: the predicate `X: tuple` is not satisfied
  ╭▸ compiler/e2e/test/snapshot/semantic_element/wf_check/type_occurrences/main.pnx:6:44
  │
6 │     public multipleUnpacking: (...V, ...W, ...X)
  ╰╴                                           ━━━━

[error]: Compilation aborted due to 7 error(s)



stdout:
