---
source: compiler/e2e/test/snapshot/mod.rs
expression: run
---
stderr:
[warning]: the value has been moved inside the loop, which could be used in the subsequent iteration
  ╭▸ compiler/e2e/test/snapshot/memory_checker/move_out_in_loop/main.pnx:7:17
  │
7 │         consume(x)
  ╰╴                ━

[error]: Compilation aborted due to 1 error(s)



stdout:
