---
source: lsp/integration_test/snapshot/mod.rs
expression: string
---
[
  {
    "label": "XomeStructThird",
    "kind": 22,
    "sortText": "100"
  },
  {
    "label": "XomeStructOne",
    "labelDetails": {
      "detail": "(from lspTest::innerFirst)"
    },
    "kind": 22,
    "sortText": "200"
  },
  {
    "label": "XomeStructTwo",
    "labelDetails": {
      "detail": "(from lspTest::innerSecond)"
    },
    "kind": 22,
    "sortText": "200"
  }
]
