---
source: compiler/e2e/test/snapshot/mod.rs
expression: run
---
stderr:
[error]: the value is used after it has been moved
  ╭▸ compiler/e2e/test/snapshot/memory_checker/return_moved_value/main.pnx:7:12
  │
6 │     let movedTo = param
  │                   ───── the value was moved here
7 │     return param
  ╰╴           ━━━━━

[error]: Compilation aborted due to 1 error(s)



stdout:
