---
source: compiler/e2e/test/snapshot/mod.rs
expression: run
---
stderr:
[error]: the l-value has qualifier `immutable` but the reference of expression expects a qualifier `mutable`
  ╭▸ compiler/e2e/test/snapshot/ir/expression/prefix/borrow/main.pnx:3:13
  │
3 │     let b = &mut a
  ╰╴            ━━━━━━

[error]: the l-value is behind a reference with qualifier `immutable` but the reference of expression expects a qualifier `mutable`
  ╭▸ compiler/e2e/test/snapshot/ir/expression/prefix/borrow/main.pnx:9:13
  │
9 │     let c = &mut *b
  ╰╴            ━━━━━━━

[error]: the l-value is behind a reference with qualifier `immutable` but the reference of expression expects a qualifier `mutable`
   ╭▸ compiler/e2e/test/snapshot/ir/expression/prefix/borrow/main.pnx:17:13
   │
17 │     let a = &mut c.x
   ╰╴            ━━━━━━━━

[error]: the l-value is behind a reference with qualifier `immutable` but the reference of expression expects a qualifier `mutable`
   ╭▸ compiler/e2e/test/snapshot/ir/expression/prefix/borrow/main.pnx:29:13
   │
29 │     let a = &mut u.a.x
   ╰╴            ━━━━━━━━━━

[error]: Compilation aborted due to 4 error(s)



stdout:
