---
source: compiler/e2e/test/snapshot/mod.rs
expression: run
---
stderr:
[error]: no instance found for `main::Require[T]`
   ╭▸ compiler/e2e/test/snapshot/ir/instance_resolution/multiple_not_found/main.pnx:24:5
   │
24 │     require(Test { value: a, other: b })
   │     ━━━━━━━━━━━━━━━━━━━━━━━━━━━━━━━━━━━━ an instance of `main::Require[T]` is required here
   │
   ╰ help: consider adding an `instance` parameter or importing a suitable instance implementation into scope
[note]: required because resolving instance parameter `I` for `main::Require[main::Test[T, U]]`
   ╭▸ compiler/e2e/test/snapshot/ir/instance_resolution/multiple_not_found/main.pnx:19:33
   │
19 │ public function require[T, inst I: Require[T]](value: T):
   ╰╴                                ━ this function requires the parameter to be resolved
[note]: required because resolving instance parameter `X` for `main::Require[T]`
   ╭▸ compiler/e2e/test/snapshot/ir/instance_resolution/multiple_not_found/main.pnx:13:10
   │
13 │     inst X: Require[T], 
   ╰╴         ━ this inst requires the parameter to be resolved

[error]: no instance found for `main::Require[U]`
   ╭▸ compiler/e2e/test/snapshot/ir/instance_resolution/multiple_not_found/main.pnx:24:5
   │
24 │     require(Test { value: a, other: b })
   │     ━━━━━━━━━━━━━━━━━━━━━━━━━━━━━━━━━━━━ an instance of `main::Require[U]` is required here
   │
   ╰ help: consider adding an `instance` parameter or importing a suitable instance implementation into scope
[note]: required because resolving instance parameter `I` for `main::Require[main::Test[T, U]]`
   ╭▸ compiler/e2e/test/snapshot/ir/instance_resolution/multiple_not_found/main.pnx:19:33
   │
19 │ public function require[T, inst I: Require[T]](value: T):
   ╰╴                                ━ this function requires the parameter to be resolved
[note]: required because resolving instance parameter `Y` for `main::Require[U]`
   ╭▸ compiler/e2e/test/snapshot/ir/instance_resolution/multiple_not_found/main.pnx:14:10
   │
14 │     inst Y: Require[U]
   ╰╴         ━ this inst requires the parameter to be resolved

[error]: Compilation aborted due to 2 error(s)



stdout:
