---
source: compiler/e2e/test/snapshot/mod.rs
expression: run
---
stderr:
[warning]: non-exhaustive match expression
  ╭▸ compiler/e2e/test/snapshot/ir/expression/match/non_exhaustive/main.pnx:2:14
  │
2 │     let .. = match true: # missing false arm
  │              ━━━━━━━━━━
  │
  ╰ help: this match expression does not cover all possible cases; consider adding a wildcard (`_`) arm

[warning]: non-exhaustive match expression
  ╭▸ compiler/e2e/test/snapshot/ir/expression/match/non_exhaustive/main.pnx:7:14
  │
7 │     let .. = match (a, b): # missing (false, false) arm
  │              ━━━━━━━━━━━━
  │
  ╰ help: this match expression does not cover all possible cases; consider adding a wildcard (`_`) arm

[warning]: non-exhaustive match expression
   ╭▸ compiler/e2e/test/snapshot/ir/expression/match/non_exhaustive/main.pnx:14:14
   │
14 │     let .. = match a: # missing arms for 3..255
   │              ━━━━━━━
   │
   ╰ help: this match expression does not cover all possible cases; consider adding a wildcard (`_`) arm

[warning]: non-exhaustive match expression
   ╭▸ compiler/e2e/test/snapshot/ir/expression/match/non_exhaustive/main.pnx:28:14
   │
28 │     let .. = match (a, direction): # missing (false, West) arm
   │              ━━━━━━━━━━━━━━━━━━━━
   │
   ╰ help: this match expression does not cover all possible cases; consider adding a wildcard (`_`) arm

[warning]: non-exhaustive match expression
   ╭▸ compiler/e2e/test/snapshot/ir/expression/match/non_exhaustive/main.pnx:45:14
   │
45 │     let .. = match (a, direction): # missing (False, West) arm
   │              ━━━━━━━━━━━━━━━━━━━━
   │
   ╰ help: this match expression does not cover all possible cases; consider adding a wildcard (`_`) arm

[error]: Compilation aborted due to 5 error(s)



stdout:
