---
source: compiler/e2e/test/snapshot/mod.rs
expression: run
---
stderr:
[error]: the predicate `&'b float32: 'a` is not satisfied
   ╭▸ compiler/e2e/test/snapshot/semantic_element/wf_check/predicate_requirements/main.pnx:17:32
   │
17 │ pub type Instantiate['a, 'b] = Qux['a, &'b float32]
   ╰╴                               ━━━━━━━━━━━━━━━━━━━━

[error]: the predicate `&'b float32: 'a` is not satisfied
   ╭▸ compiler/e2e/test/snapshot/semantic_element/wf_check/predicate_requirements/main.pnx:17:32
   │
17 │ pub type Instantiate['a, 'b] = Qux['a, &'b float32]
   ╰╴                               ━━━━━━━━━━━━━━━━━━━━
[note]: the required predicate is declared here
   ╭▸ compiler/e2e/test/snapshot/semantic_element/wf_check/predicate_requirements/main.pnx:13:12
   │
13 │         T: 'a + const + tuple
   ╰╴           ━━

[error]: the predicate `&'b float32: const` is not satisfied
   ╭▸ compiler/e2e/test/snapshot/semantic_element/wf_check/predicate_requirements/main.pnx:17:32
   │
17 │ pub type Instantiate['a, 'b] = Qux['a, &'b float32]
   ╰╴                               ━━━━━━━━━━━━━━━━━━━━
[note]: the required predicate is declared here
   ╭▸ compiler/e2e/test/snapshot/semantic_element/wf_check/predicate_requirements/main.pnx:13:17
   │
13 │         T: 'a + const + tuple
   ╰╴                ━━━━━

[error]: the predicate `&'b float32: tuple` is not satisfied
   ╭▸ compiler/e2e/test/snapshot/semantic_element/wf_check/predicate_requirements/main.pnx:17:32
   │
17 │ pub type Instantiate['a, 'b] = Qux['a, &'b float32]
   ╰╴                               ━━━━━━━━━━━━━━━━━━━━
[note]: the required predicate is declared here
   ╭▸ compiler/e2e/test/snapshot/semantic_element/wf_check/predicate_requirements/main.pnx:13:25
   │
13 │         T: 'a + const + tuple
   ╰╴                        ━━━━━

[error]: the predicate `'a: 'static` is not satisfied
   ╭▸ compiler/e2e/test/snapshot/semantic_element/wf_check/predicate_requirements/main.pnx:17:32
   │
17 │ pub type Instantiate['a, 'b] = Qux['a, &'b float32]
   ╰╴                               ━━━━━━━━━━━━━━━━━━━━
[note]: the required predicate is declared here
   ╭▸ compiler/e2e/test/snapshot/semantic_element/wf_check/predicate_requirements/main.pnx:14:9
   │
14 │         'a: 'static
   ╰╴        ━━━━━━━━━━━

[error]: the predicate `marker main::Fizz['a, float32]` is not satisfied
   ╭▸ compiler/e2e/test/snapshot/semantic_element/wf_check/predicate_requirements/main.pnx:17:32
   │
17 │ pub type Instantiate['a, 'b] = Qux['a, &'b float32]
   ╰╴                               ━━━━━━━━━━━━━━━━━━━━
[note]: the required predicate is declared here
   ╭▸ compiler/e2e/test/snapshot/semantic_element/wf_check/predicate_requirements/main.pnx:12:12
   │
12 │         T: Fizz['a] + Identity
   ╰╴           ━━━━━━━━

[error]: Compilation aborted due to 6 error(s)



stdout:
