---
source: compiler/e2e/test/snapshot/mod.rs
expression: run
---
stderr:
[error]: the value is used after it has been moved
   ╭▸ compiler/e2e/test/snapshot/memory_checker/use_after_partial_move_in_brach/main.pnx:10:13
   │
 7 │         consume(x.0)
   │                 ─── the value was moved here
   ‡
10 │     consume(x)
   ╰╴            ━

[error]: Compilation aborted due to 1 error(s)



stdout:
