---
source: compiler/e2e/test/snapshot/mod.rs
expression: run
---
stderr:
[error]: `express` can only be used inside a scope expression
  ╭▸ compiler/e2e/test/snapshot/ir/expression/express/outside_scope/main.pnx:2:5
  │
2 │     express
  ╰╴    ━━━━━━━

[error]: scope with the given label name was not found
  ╭▸ compiler/e2e/test/snapshot/ir/expression/express/outside_scope/main.pnx:7:18
  │
7 │         express 'notFound
  ╰╴                 ━━━━━━━━

[error]: Compilation aborted due to 2 error(s)



stdout:
