---
source: compiler/e2e/test/snapshot/mod.rs
expression: run
---
stderr:
[error]: the predicate `marker main.Test[T]` is not satisfied
   ╭▸ compiler/e2e/test/snapshot/ir/wf_check/associated_symbol/main.pnx:16:9
   │
16 │         self.requireTest()
   ╰╴        ━━━━━━━━━━━━━━━━━━
[note]: the required predicate is declared here
   ╭▸ compiler/e2e/test/snapshot/ir/wf_check/associated_symbol/main.pnx:11:16
   │
11 │             T: Test
   ╰╴               ━━━━

[error]: Compilation aborted due to 1 error(s)



stdout:
