---
source: compiler/e2e/test/snapshot/mod.rs
expression: clean_run
---
stderr:
error: the symbol is more accessible than the parent symbol
  ╭─ symbol/symbol_is_more_accessible_than_parent/main.pnx:3:27
  │
2 │     private trait Test:
  │                   ---- the parent symbol is accessible in `main::inner`
3 │         internal function internalIsMoreAccessible()
  │                           ^^^^^^^^^^^^^^^^^^^^^^^^ the symbol `internalIsMoreAccessible` in `main::inner::Test` is more accessible than the parent symbol
  │
  = the symbol `internalIsMoreAccessible` is accessible in `main` while the parent symbol is accessible in `main::inner`

error: the symbol is more accessible than the parent symbol
  ╭─ symbol/symbol_is_more_accessible_than_parent/main.pnx:5:25
  │
2 │     private trait Test:
  │                   ---- the parent symbol is accessible in `main::inner`
  ·
5 │         public function publicIsMoreAccessible()
  │                         ^^^^^^^^^^^^^^^^^^^^^^ the symbol `publicIsMoreAccessible` in `main::inner::Test` is more accessible than the parent symbol
  │
  = the symbol `publicIsMoreAccessible` is publicly accessible while the parent symbol is accessible in `main::inner`

error: Compilation aborted due to 2 error(s)



stdout:
