---
source: compiler/e2e/test/snapshot/mod.rs
expression: run
---
stderr:
[error]: the symbol is more accessible than the parent symbol
  ╭▸ compiler/e2e/test/snapshot/symbol/symbol_is_more_accessible_than_parent/main.pnx:3:22
  │
2 │     priv trait Test:
  │                ──── the parent symbol is accessible in `main.inner`
3 │         internal def internalIsMoreAccessible()
  │                      ━━━━━━━━━━━━━━━━━━━━━━━━ the symbol `internalIsMoreAccessible` in `main.inner.Test` is more accessible than the parent symbol
  │
  ╰ help: the symbol `internalIsMoreAccessible` is accessible in `main` while the parent symbol is accessible in `main.inner`

[error]: the symbol is more accessible than the parent symbol
  ╭▸ compiler/e2e/test/snapshot/symbol/symbol_is_more_accessible_than_parent/main.pnx:5:17
  │
2 │     priv trait Test:
  │                ──── the parent symbol is accessible in `main.inner`
  ‡
5 │         pub def publicIsMoreAccessible()
  │                 ━━━━━━━━━━━━━━━━━━━━━━ the symbol `publicIsMoreAccessible` in `main.inner.Test` is more accessible than the parent symbol
  │
  ╰ help: the symbol `publicIsMoreAccessible` is publicly accessible while the parent symbol is accessible in `main.inner`

[error]: Compilation aborted due to 2 error(s)



stdout:
