---
source: compiler/e2e/test/snapshot/mod.rs
expression: run
---
stderr:
[error]: the predicate `not marker main.Marker[main.EmptyStruct]` is not satisfied
   ╭▸ compiler/e2e/test/snapshot/semantic_element/wf_check/empty_struct_negative_marker_not_satisfied/main.pnx:21:28
   │
21 │ pub type InstEmptyStruct = WithRequirement[EmptyStruct]
   ╰╴                           ━━━━━━━━━━━━━━━━━━━━━━━━━━━━
[note]: the required predicate is declared here
   ╭▸ compiler/e2e/test/snapshot/semantic_element/wf_check/empty_struct_negative_marker_not_satisfied/main.pnx:18:12
   │
18 │         T: not Marker
   ╰╴           ━━━━━━━━━━

[error]: the predicate `not marker main.Marker[main.EmptyEnum]` is not satisfied
   ╭▸ compiler/e2e/test/snapshot/semantic_element/wf_check/empty_struct_negative_marker_not_satisfied/main.pnx:22:28
   │
22 │ pub type InstEmptyEnum   = WithRequirement[EmptyEnum]
   ╰╴                           ━━━━━━━━━━━━━━━━━━━━━━━━━━
[note]: the required predicate is declared here
   ╭▸ compiler/e2e/test/snapshot/semantic_element/wf_check/empty_struct_negative_marker_not_satisfied/main.pnx:18:12
   │
18 │         T: not Marker
   ╰╴           ━━━━━━━━━━

[error]: Compilation aborted due to 2 error(s)



stdout:
