---
source: compiler/e2e/test/snapshot/mod.rs
expression: run
---
stderr:
[error]: found negative implementation
   ╭▸ compiler/e2e/test/snapshot/semantic_element/wf_check/found_negative_implements/main.pnx:22:19
   │
 4 │ final impl Marker[int32] delete
   │            ───────────── this negative implementation explicitly marks the predicate as unsatisfiable
   ‡
22 │ pub type Failed = RequireOuter[int32]
   ╰╴                  ━━━━━━━━━━━━━━━━━━━ the predicate `marker main::Marker[int32]` is explicitly marked as unsatisfiable by a negative implementation
[note]: the required predicate is declared here
   ╭▸ compiler/e2e/test/snapshot/semantic_element/wf_check/found_negative_implements/main.pnx:19:26
   │
19 │ pub type RequireOuter[T: Outer] = T
   ╰╴                         ━━━━━
[note]: required for predicate marker main::Outer[int32] to be implemented
   ╭▸ compiler/e2e/test/snapshot/semantic_element/wf_check/found_negative_implements/main.pnx:16:15
   │
16 │ final impl[T: Inner] Outer[T]
   │               ┯━━━━  ────────
   │               │
   ╰╴              the required predicate is declared here
[note]: required for predicate marker main::Inner[int32] to be implemented
   ╭▸ compiler/e2e/test/snapshot/semantic_element/wf_check/found_negative_implements/main.pnx:13:15
   │
13 │ final impl[T: Marker] Inner[T]
   │               ┯━━━━━  ────────
   │               │
   ╰╴              the required predicate is declared here

[error]: Compilation aborted due to 1 error(s)



stdout:
