---
source: compiler/e2e/test/snapshot/mod.rs
expression: clean_run
---
stderr:
error: the symbol cannot be implemented
   ╭─ compiler/e2e/test/snapshot/semantic_element/implements_qualified_identifier/invalid_symbol/main.pnx:16:12
   │
16 │ implements Direction::North:
   │            ^^^^^^^^^^^^^^^^ the symbol `variant main::Direction::North` cannot be implemented
   │
   = only `trait`, `marker`, `enum`, or `struct` can be implemented

error: the symbol cannot be implemented
   ╭─ compiler/e2e/test/snapshot/semantic_element/implements_qualified_identifier/invalid_symbol/main.pnx:20:12
   │
20 │ implements math:
   │            ^^^^ the symbol `module main::math` cannot be implemented
   │
   = only `trait`, `marker`, `enum`, or `struct` can be implemented

error: the type cannot be implemented
   ╭─ compiler/e2e/test/snapshot/semantic_element/implements_qualified_identifier/invalid_symbol/main.pnx:35:19
   │
35 │ implements['a, T] Reference['a, T]:
   │                   ^^^^^^^^^^^^^^^^ the type `&'a T` cannot be implemented
   │
   = only `enum`, or `struct` can be implemented

error: the type cannot be implemented
   ╭─ compiler/e2e/test/snapshot/semantic_element/implements_qualified_identifier/invalid_symbol/main.pnx:42:19
   │
42 │ implements['a, T] MutableReference['a, T]:
   │                   ^^^^^^^^^^^^^^^^^^^^^^^ the type `&'a mut T` cannot be implemented
   │
   = only `enum`, or `struct` can be implemented

error: Compilation aborted due to 4 error(s)



stdout:
