---
source: compiler/e2e/test/snapshot/mod.rs
expression: run
---
stderr:
[error]: the value is used after it has been moved
   ╭▸ compiler/e2e/test/snapshot/memory_checker/move_to_do_closure/main.pnx:30:10
   │
22 │     do: # the `nonCopyable` is moved here
   │     ── the value was moved here for closure capture
   ‡
30 │     drop(nonCopyable)
   ╰╴         ━━━━━━━━━━━

[error]: Compilation aborted due to 1 error(s)



stdout:
