---
source: compiler/e2e/test/snapshot/mod.rs
expression: run
---
stderr:
[error]: the symbol could not be found
  ╭▸ compiler/e2e/test/snapshot/issues/61/main.pnx:2:13
  │
2 │     priv x: DefinitelyIdentifier
  ╰╴            ━━━━━━━━━━━━━━━━━━━━ the symbol named `DefinitelyIdentifier` does not exist in `main`

[error]: unexpected End of file, expected `:` punctuation
  ╭▸ compiler/e2e/test/snapshot/issues/61/main.pnx:3:11
  │
3 │     priv y
  ╰╴          ━

[error]: Compilation aborted due to 2 error(s)



stdout:
