---
source: compiler/e2e/test/snapshot/mod.rs
expression: run
---
stderr:
[error]: found negative implementation
   ╭▸ compiler/e2e/test/snapshot/memory_checker/move_in_with/main.pnx:28:18
   │
12 │ final impl Copy[NonCopyable] delete
   │            ───────────────── this negative implementation explicitly marks the predicate as unsatisfiable
   ‡
28 │             drop(nonCopyableOuter) # not fine
   ╰╴                 ━━━━━━━━━━━━━━━━ the predicate `marker core::Copy[main::NonCopyable]` is explicitly marked as unsatisfiable by a negative implementation

[error]: Compilation aborted due to 1 error(s)



stdout:
