---
source: compiler/e2e/test/snapshot/mod.rs
expression: run
---
stderr:
[error]: the predicate `marker main::Impossible[T]` is not satisfied
   ╭▸ compiler/e2e/test/snapshot/ir/wf_check/inner_term_wf_check/main.pnx:13:5
   │
13 │     require[(Test[T], Test[U])]()
   ╰╴    ━━━━━━━━━━━━━━━━━━━━━━━━━━━━━
[note]: the required predicate is declared here
  ╭▸ compiler/e2e/test/snapshot/ir/wf_check/inner_term_wf_check/main.pnx:4:23
  │
4 │ public struct Test[T: Impossible]:
  ╰╴                      ━━━━━━━━━━

[error]: the predicate `marker main::Impossible[U]` is not satisfied
   ╭▸ compiler/e2e/test/snapshot/ir/wf_check/inner_term_wf_check/main.pnx:13:5
   │
13 │     require[(Test[T], Test[U])]()
   ╰╴    ━━━━━━━━━━━━━━━━━━━━━━━━━━━━━
[note]: the required predicate is declared here
  ╭▸ compiler/e2e/test/snapshot/ir/wf_check/inner_term_wf_check/main.pnx:4:23
  │
4 │ public struct Test[T: Impossible]:
  ╰╴                      ━━━━━━━━━━

[error]: Compilation aborted due to 2 error(s)



stdout:
