---
source: compiler/e2e/test/snapshot/mod.rs
expression: run
---
stderr:
[error]: the variable doesn't live long enough
   ╭▸ compiler/e2e/test/snapshot/borrow_checker/universal_regions_always_flows/main.pnx:9:6
   │
 9 │     let inner = 32
   │         ━━━━━ the variable declared here doesn't live long enough
   ‡
12 │     test.first = &inner
   │                  ────── the borrow starts here
   │
   ╰ help: lifetime(s) 'a, 'b can access the borrow later

[error]: Compilation aborted due to 1 error(s)



stdout:
