---
source: compiler/e2e/test/snapshot/mod.rs
expression: run
---
stderr:
[error]: the predicate `marker main::Fizz[bool]` is not satisfied
   ╭▸ compiler/e2e/test/snapshot/semantic_element/wf_check/marker_with_constraints/main.pnx:20:25
   │
20 │ pub type InstMyStruct = WithRequirement[MyStruct]
   ╰╴                        ━━━━━━━━━━━━━━━━━━━━━━━━━
[note]: the required predicate is declared here
   ╭▸ compiler/e2e/test/snapshot/semantic_element/wf_check/marker_with_constraints/main.pnx:17:29
   │
17 │ pub type WithRequirement[T: Buzz] = T
   ╰╴                            ━━━━
[note]: required for predicate marker main::Buzz[(bool)] to be implemented
  ╭▸ compiler/e2e/test/snapshot/semantic_element/wf_check/marker_with_constraints/main.pnx:9:15
  │
9 │ final impl[T: Fizz] Buzz[(T,)]
  │               ┯━━━  ──────────
  │               │
  ╰╴              the required predicate is declared here

[error]: Compilation aborted due to 1 error(s)



stdout:
