---
source: compiler/e2e/test/snapshot/mod.rs
expression: run
---
stderr:
[error]: the predicate `'a: 'b` is not satisfied
   ╭▸ compiler/e2e/test/snapshot/semantic_element/wf_check/where_clause/main.pnx:19:58
   │
19 │ public type UseInvariant['x, 'a, 'b, inst I: Identity] = ConstrainedInvariant['x, 'a, I]:
   ╰╴                                                         ━━━━━━━━━━━━━━━━━━━━━━━━━━━━━━━
[note]: the required predicate is declared here
   ╭▸ compiler/e2e/test/snapshot/semantic_element/wf_check/where_clause/main.pnx:15:9
   │
15 │         I::Output = Invariant['x, 'a]
   ╰╴        ━━━━━━━━━━━━━━━━━━━━━━━━━━━━━

[error]: the predicate `'b: 'a` is not satisfied
   ╭▸ compiler/e2e/test/snapshot/semantic_element/wf_check/where_clause/main.pnx:19:58
   │
19 │ public type UseInvariant['x, 'a, 'b, inst I: Identity] = ConstrainedInvariant['x, 'a, I]:
   ╰╴                                                         ━━━━━━━━━━━━━━━━━━━━━━━━━━━━━━━
[note]: the required predicate is declared here
   ╭▸ compiler/e2e/test/snapshot/semantic_element/wf_check/where_clause/main.pnx:15:9
   │
15 │         I::Output = Invariant['x, 'a]
   ╰╴        ━━━━━━━━━━━━━━━━━━━━━━━━━━━━━

[error]: the predicate `T: 'a` is not satisfied
   ╭▸ compiler/e2e/test/snapshot/semantic_element/wf_check/where_clause/main.pnx:38:44
   │
38 │ public type UseConstraintLifetime['a, T] = ConstraintLifetime['a, T]
   ╰╴                                           ━━━━━━━━━━━━━━━━━━━━━━━━━
[note]: the required predicate is declared here
   ╭▸ compiler/e2e/test/snapshot/semantic_element/wf_check/where_clause/main.pnx:28:12
   │
28 │         T: 'a
   ╰╴           ━━

[error]: the predicate `'a: 'b` is not satisfied
   ╭▸ compiler/e2e/test/snapshot/semantic_element/wf_check/where_clause/main.pnx:52:64
   │
52 │ public type UseConstraintBivariant['a, 'b, inst I: Identity] = ConstraintBivariant['a, I]:
   ╰╴                                                               ━━━━━━━━━━━━━━━━━━━━━━━━━━
[note]: the required predicate is declared here
   ╭▸ compiler/e2e/test/snapshot/semantic_element/wf_check/where_clause/main.pnx:47:9
   │
47 │         I::Output = Bivariant['a]
   ╰╴        ━━━━━━━━━━━━━━━━━━━━━━━━━

[error]: the predicate `'b: 'a` is not satisfied
   ╭▸ compiler/e2e/test/snapshot/semantic_element/wf_check/where_clause/main.pnx:52:64
   │
52 │ public type UseConstraintBivariant['a, 'b, inst I: Identity] = ConstraintBivariant['a, I]:
   ╰╴                                                               ━━━━━━━━━━━━━━━━━━━━━━━━━━
[note]: the required predicate is declared here
   ╭▸ compiler/e2e/test/snapshot/semantic_element/wf_check/where_clause/main.pnx:47:9
   │
47 │         I::Output = Bivariant['a]
   ╰╴        ━━━━━━━━━━━━━━━━━━━━━━━━━

[error]: Compilation aborted due to 5 error(s)



stdout:
