---
source: lsp/integration_test/snapshot/mod.rs
expression: string
---
{
  "uri": "file:///project/lsp/integration_test/snapshot/goto_definition/basic/main.pnx",
  "range": {
    "start": {
      "line": 0,
      "character": 9
    },
    "end": {
      "line": 0,
      "character": 15
    }
  }
}
