---
source: compiler/e2e/test/snapshot/mod.rs
expression: run
---
stderr:
[error]: the symbol could not be found
   ╭▸ compiler/e2e/test/snapshot/semantic_element/variant/main.pnx:16:16
   │
16 │     UseUnknown(Unknown)
   ╰╴               ━━━━━━━ the symbol named `Unknown` does not exist in `main`

[error]: the predicate `'a: 'b` is not satisfied
   ╭▸ compiler/e2e/test/snapshot/semantic_element/variant/main.pnx:19:28
   │
19 │     UseTraitAssociatedType(I::Output['b, T])
   ╰╴                           ━━━━━━━━━━━━━━━━

[error]: the predicate `'b: 'a` is not satisfied
   ╭▸ compiler/e2e/test/snapshot/semantic_element/variant/main.pnx:19:28
   │
19 │     UseTraitAssociatedType(I::Output['b, T])
   ╰╴                           ━━━━━━━━━━━━━━━━

[error]: Compilation aborted due to 3 error(s)



stdout:
